Command Line: /usr/synopsys/verdi/T-2022.06-SP2/platform/LINUXAMD64/bin/Novas -ssf waves.fsdb
uname(Linux synopsys.stbzu.edu 3.10.0-1160.83.1.el7.x86_64 #1 SMP Mon Dec 19 10:44:06 UTC 2022 x86_64)
type= DS_SIGNAL element= 6 field= 2
VERILOG top
VERILOG intf
VERILOG clk
-----
second field= signal
VERILOG top
VERILOG intf
VERILOG read
-----
second field= signal
VERILOG top
VERILOG intf
VERILOG write
-----
second field= signal
VERILOG top
VERILOG intf
VERILOG addr[15:0]
-----
second field= signal
VERILOG top
VERILOG intf
VERILOG data_in[7:0]
-----
second field= signal
VERILOG top
VERILOG intf
VERILOG data_out[8:0]
-----
second field= signal
type= DS_STRING
clk read write addr[15:0] data_in[7:0] data_out[8:0]
au time 558.282713 10.408454 6.102946 delta 302714880 302714880 total 851382272 851382272
